mode: atomic
dsk-jev/cmd/server/main.go:16.39,17.34 1 0
dsk-jev/cmd/server/main.go:17.34,19.3 1 0
dsk-jev/cmd/server/main.go:20.2,20.17 1 0
dsk-jev/cmd/server/main.go:22.13,24.43 2 0
dsk-jev/cmd/server/main.go:24.43,27.3 2 0
dsk-jev/cmd/server/main.go:28.2,29.134 2 0
dsk-jev/cmd/server/main.go:29.134,32.3 2 0
dsk-jev/cmd/server/main.go:33.2,34.32 2 0
dsk-jev/cmd/server/main.go:34.32,37.3 2 0
dsk-jev/cmd/server/main.go:38.2,41.12 4 0
dsk-jev/cmd/server/main.go:41.12,46.3 4 0
dsk-jev/cmd/server/main.go:47.2,48.86 2 0
dsk-jev/cmd/server/main.go:48.86,51.3 2 0
dsk-jev/internal/decision/schema.go:39.57,41.34 2 379
dsk-jev/internal/decision/schema.go:41.34,43.3 1 0
dsk-jev/internal/decision/schema.go:44.2,44.18 1 379
dsk-jev/internal/decision/schema.go:45.37,46.14 1 111
dsk-jev/internal/decision/schema.go:47.11,48.18 1 267
dsk-jev/internal/decision/schema.go:50.2,50.14 1 1
dsk-jev/internal/decision/schema.go:52.53,53.34 1 22
dsk-jev/internal/decision/schema.go:53.34,55.3 1 0
dsk-jev/internal/decision/schema.go:56.2,56.27 1 22
dsk-jev/internal/decision/schema.go:56.27,58.3 1 0
dsk-jev/internal/decision/schema.go:59.2,60.30 2 22
dsk-jev/internal/decision/schema.go:60.30,62.3 1 44
dsk-jev/internal/decision/schema.go:63.2,65.25 3 22
dsk-jev/internal/decision/schema.go:65.25,67.46 2 40
dsk-jev/internal/decision/schema.go:67.46,69.4 1 7
dsk-jev/internal/decision/schema.go:70.3,70.42 1 40
dsk-jev/internal/decision/schema.go:70.42,72.4 1 1
dsk-jev/internal/decision/schema.go:73.3,74.17 2 39
dsk-jev/internal/decision/schema.go:75.17,77.75 2 15
dsk-jev/internal/decision/schema.go:77.75,79.5 1 3
dsk-jev/internal/decision/schema.go:80.4,80.24 1 12
dsk-jev/internal/decision/schema.go:80.24,81.30 1 276
dsk-jev/internal/decision/schema.go:81.30,83.6 1 0
dsk-jev/internal/decision/schema.go:84.5,84.35 1 276
dsk-jev/internal/decision/schema.go:86.4,89.31 3 12
dsk-jev/internal/decision/schema.go:89.31,91.5 1 276
dsk-jev/internal/decision/schema.go:92.4,92.24 1 12
dsk-jev/internal/decision/schema.go:93.16,95.89 2 15
dsk-jev/internal/decision/schema.go:95.89,97.5 1 3
dsk-jev/internal/decision/schema.go:98.4,99.29 2 12
dsk-jev/internal/decision/schema.go:99.29,100.31 1 41
dsk-jev/internal/decision/schema.go:100.31,102.6 1 0
dsk-jev/internal/decision/schema.go:103.5,106.37 4 41
dsk-jev/internal/decision/schema.go:106.37,109.6 2 10
dsk-jev/internal/decision/schema.go:110.5,110.20 1 41
dsk-jev/internal/decision/schema.go:112.4,112.23 1 12
dsk-jev/internal/decision/schema.go:113.15,114.59 1 9
dsk-jev/internal/decision/schema.go:114.59,116.46 2 0
dsk-jev/internal/decision/schema.go:116.46,118.6 1 0
dsk-jev/internal/decision/schema.go:119.5,119.25 1 0
dsk-jev/internal/decision/schema.go:119.25,120.65 1 0
dsk-jev/internal/decision/schema.go:120.65,122.7 1 0
dsk-jev/internal/decision/schema.go:124.5,124.19 1 0
dsk-jev/internal/decision/schema.go:126.11,127.17 1 0
dsk-jev/internal/decision/schema.go:129.3,129.23 1 33
dsk-jev/internal/decision/schema.go:131.2,131.17 1 15
dsk-jev/internal/decision/schema.go:135.50,136.17 1 17
dsk-jev/internal/decision/schema.go:136.17,138.3 1 1
dsk-jev/internal/decision/schema.go:139.2,140.19 2 16
dsk-jev/internal/decision/schema.go:140.19,141.21 1 41
dsk-jev/internal/decision/schema.go:141.21,143.4 1 13
dsk-jev/internal/decision/schema.go:145.2,145.12 1 16
dsk-jev/internal/decision/schema.go:145.12,148.3 2 6
dsk-jev/internal/decision/schema.go:149.2,151.22 3 10
dsk-jev/internal/decision/schema.go:151.22,154.3 2 29
dsk-jev/internal/decision/schema.go:155.2,155.40 1 10
dsk-jev/internal/decision/schema.go:157.83,161.81 2 11
dsk-jev/internal/decision/schema.go:161.81,163.3 1 1
dsk-jev/internal/decision/schema.go:164.2,165.23 2 10
dsk-jev/internal/decision/schema.go:165.23,167.23 2 21
dsk-jev/internal/decision/schema.go:167.23,169.81 2 5
dsk-jev/internal/decision/schema.go:169.81,171.5 1 3
dsk-jev/internal/decision/schema.go:172.4,172.18 1 2
dsk-jev/internal/decision/schema.go:173.9,175.86 2 16
dsk-jev/internal/decision/schema.go:175.86,177.5 1 1
dsk-jev/internal/decision/schema.go:178.4,180.29 3 15
dsk-jev/internal/decision/schema.go:180.29,181.37 1 33
dsk-jev/internal/decision/schema.go:181.37,183.6 1 2
dsk-jev/internal/decision/schema.go:184.5,185.14 2 31
dsk-jev/internal/decision/schema.go:188.4,188.30 1 13
dsk-jev/internal/decision/schema.go:188.30,190.5 1 1
dsk-jev/internal/decision/schema.go:191.4,194.21 4 12
dsk-jev/internal/decision/schema.go:194.21,196.5 1 29
dsk-jev/internal/decision/schema.go:197.4,197.21 1 12
dsk-jev/internal/decision/schema.go:197.21,200.23 3 29
dsk-jev/internal/decision/schema.go:200.23,202.6 1 10
dsk-jev/internal/decision/schema.go:204.4,206.26 3 12
dsk-jev/internal/decision/schema.go:206.26,208.5 1 6
dsk-jev/internal/decision/schema.go:208.10,211.5 2 6
dsk-jev/internal/decision/schema.go:213.3,213.16 1 14
dsk-jev/internal/decision/schema.go:215.2,215.17 1 3
dsk-jev/internal/decision/server.go:24.28,25.20 1 14
dsk-jev/internal/decision/server.go:25.20,27.3 1 13
dsk-jev/internal/decision/server.go:28.2,28.53 1 14
dsk-jev/internal/decision/server.go:30.54,34.2 3 21
dsk-jev/internal/decision/server.go:35.62,37.2 1 17
dsk-jev/internal/decision/server.go:38.68,39.51 1 20
dsk-jev/internal/decision/server.go:39.51,42.3 2 1
dsk-jev/internal/decision/server.go:43.2,44.166 2 19
dsk-jev/internal/decision/server.go:44.166,47.3 2 1
dsk-jev/internal/decision/server.go:48.2,48.20 1 18
dsk-jev/internal/decision/server.go:49.20,50.24 1 2
dsk-jev/internal/decision/server.go:50.24,54.4 3 1
dsk-jev/internal/decision/server.go:55.3,56.76 2 1
dsk-jev/internal/decision/server.go:56.76,58.4 1 3
dsk-jev/internal/decision/server.go:59.3,59.50 1 1
dsk-jev/internal/decision/server.go:60.23,61.25 1 15
dsk-jev/internal/decision/server.go:61.25,65.4 3 1
dsk-jev/internal/decision/server.go:66.3,66.19 1 14
dsk-jev/internal/decision/server.go:67.10,68.28 1 1
dsk-jev/internal/decision/server.go:74.67,78.41 4 14
dsk-jev/internal/decision/server.go:78.41,81.3 2 1
dsk-jev/internal/decision/server.go:82.2,82.48 1 13
dsk-jev/internal/decision/server.go:82.48,85.3 2 1
dsk-jev/internal/decision/server.go:86.2,86.90 1 12
dsk-jev/internal/decision/server.go:86.90,89.3 2 3
dsk-jev/internal/decision/server.go:90.2,91.16 2 9
dsk-jev/internal/decision/server.go:91.16,94.3 2 2
dsk-jev/internal/decision/server.go:95.2,99.23 4 7
dsk-jev/internal/decision/server.go:99.23,101.3 1 21
dsk-jev/internal/decision/server.go:102.2,102.23 1 7
dsk-jev/internal/decision/server.go:102.23,105.3 2 0
dsk-jev/internal/decision/server.go:106.2,108.16 3 7
dsk-jev/internal/decision/server.go:108.16,111.3 2 0
dsk-jev/internal/decision/server.go:112.2,115.16 4 7
dsk-jev/internal/decision/server.go:115.16,118.40 3 1
dsk-jev/internal/decision/server.go:118.40,120.4 1 1
dsk-jev/internal/decision/server.go:121.3,122.9 2 1
dsk-jev/internal/decision/server.go:124.2,125.28 2 6
dsk-jev/internal/decision/server.go:125.28,127.29 2 3
dsk-jev/internal/decision/server.go:127.29,129.4 1 1
dsk-jev/internal/decision/server.go:130.3,130.55 1 3
dsk-jev/internal/decision/server.go:130.55,132.4 1 1
dsk-jev/internal/decision/server.go:133.3,133.51 1 3
dsk-jev/internal/decision/server.go:133.51,135.4 1 3
dsk-jev/internal/decision/server.go:136.3,137.9 2 3
dsk-jev/internal/decision/server.go:139.2,140.37 2 3
dsk-jev/internal/decision/server.go:140.37,143.3 2 0
dsk-jev/internal/decision/server.go:144.2,160.114 2 3
dsk-jev/internal/decision/server.go:160.114,163.3 2 1
dsk-jev/internal/decision/server.go:164.2,165.16 2 2
dsk-jev/internal/decision/server.go:165.16,168.3 2 1
dsk-jev/internal/decision/server.go:170.2,173.42 4 1
dsk-jev/internal/decision/server.go:173.42,175.3 1 0
dsk-jev/internal/decision/server.go:176.2,176.219 1 1
