mode: atomic
dsk-jev/cmd/server/main.go:16.39,17.34 1 0
dsk-jev/cmd/server/main.go:17.34,19.3 1 0
dsk-jev/cmd/server/main.go:20.2,20.17 1 0
dsk-jev/cmd/server/main.go:22.13,24.43 2 0
dsk-jev/cmd/server/main.go:24.43,27.3 2 0
dsk-jev/cmd/server/main.go:28.2,29.134 2 0
dsk-jev/cmd/server/main.go:29.134,32.3 2 0
dsk-jev/cmd/server/main.go:33.2,34.32 2 0
dsk-jev/cmd/server/main.go:34.32,37.3 2 0
dsk-jev/cmd/server/main.go:38.2,41.12 4 0
dsk-jev/cmd/server/main.go:41.12,46.3 4 0
dsk-jev/cmd/server/main.go:47.2,48.86 2 0
dsk-jev/cmd/server/main.go:48.86,51.3 2 0
dsk-jev/internal/decision/schema.go:40.57,42.34 2 397
dsk-jev/internal/decision/schema.go:42.34,44.3 1 0
dsk-jev/internal/decision/schema.go:45.2,45.18 1 397
dsk-jev/internal/decision/schema.go:46.37,47.14 1 127
dsk-jev/internal/decision/schema.go:48.11,49.18 1 269
dsk-jev/internal/decision/schema.go:51.2,51.14 1 1
dsk-jev/internal/decision/schema.go:53.53,54.34 1 24
dsk-jev/internal/decision/schema.go:54.34,56.3 1 0
dsk-jev/internal/decision/schema.go:57.2,57.27 1 24
dsk-jev/internal/decision/schema.go:57.27,59.3 1 0
dsk-jev/internal/decision/schema.go:60.2,61.30 2 24
dsk-jev/internal/decision/schema.go:61.30,63.3 1 50
dsk-jev/internal/decision/schema.go:64.2,66.25 3 24
dsk-jev/internal/decision/schema.go:66.25,68.46 2 46
dsk-jev/internal/decision/schema.go:68.46,70.4 1 7
dsk-jev/internal/decision/schema.go:71.3,71.42 1 46
dsk-jev/internal/decision/schema.go:71.42,73.4 1 1
dsk-jev/internal/decision/schema.go:74.3,75.17 2 45
dsk-jev/internal/decision/schema.go:76.17,78.75 2 17
dsk-jev/internal/decision/schema.go:78.75,80.5 1 3
dsk-jev/internal/decision/schema.go:81.4,81.24 1 14
dsk-jev/internal/decision/schema.go:81.24,82.30 1 280
dsk-jev/internal/decision/schema.go:82.30,84.6 1 0
dsk-jev/internal/decision/schema.go:85.5,85.35 1 280
dsk-jev/internal/decision/schema.go:87.4,88.18 2 14
dsk-jev/internal/decision/schema.go:89.16,91.89 2 17
dsk-jev/internal/decision/schema.go:91.89,93.5 1 3
dsk-jev/internal/decision/schema.go:94.4,95.29 2 14
dsk-jev/internal/decision/schema.go:95.29,96.31 1 47
dsk-jev/internal/decision/schema.go:96.31,98.6 1 0
dsk-jev/internal/decision/schema.go:99.5,102.37 4 47
dsk-jev/internal/decision/schema.go:102.37,105.6 2 12
dsk-jev/internal/decision/schema.go:106.5,106.20 1 47
dsk-jev/internal/decision/schema.go:108.4,108.25 1 14
dsk-jev/internal/decision/schema.go:109.15,110.59 1 11
dsk-jev/internal/decision/schema.go:110.59,112.46 2 0
dsk-jev/internal/decision/schema.go:112.46,114.6 1 0
dsk-jev/internal/decision/schema.go:115.5,115.25 1 0
dsk-jev/internal/decision/schema.go:115.25,116.65 1 0
dsk-jev/internal/decision/schema.go:116.65,118.7 1 0
dsk-jev/internal/decision/schema.go:120.5,120.19 1 0
dsk-jev/internal/decision/schema.go:122.11,123.17 1 0
dsk-jev/internal/decision/schema.go:125.3,125.23 1 39
dsk-jev/internal/decision/schema.go:127.2,127.17 1 17
dsk-jev/internal/decision/schema.go:131.50,132.17 1 19
dsk-jev/internal/decision/schema.go:132.17,134.3 1 1
dsk-jev/internal/decision/schema.go:135.2,136.19 2 18
dsk-jev/internal/decision/schema.go:136.19,137.21 1 46
dsk-jev/internal/decision/schema.go:137.21,139.4 1 15
dsk-jev/internal/decision/schema.go:141.2,141.12 1 18
dsk-jev/internal/decision/schema.go:141.12,144.3 2 7
dsk-jev/internal/decision/schema.go:145.2,147.22 3 11
dsk-jev/internal/decision/schema.go:147.22,150.3 2 32
dsk-jev/internal/decision/schema.go:151.2,151.40 1 11
dsk-jev/internal/decision/schema.go:153.90,157.81 2 11
dsk-jev/internal/decision/schema.go:157.81,159.3 1 0
dsk-jev/internal/decision/schema.go:160.2,161.23 2 11
dsk-jev/internal/decision/schema.go:161.23,163.23 2 24
dsk-jev/internal/decision/schema.go:163.23,165.81 2 6
dsk-jev/internal/decision/schema.go:165.81,167.5 1 3
dsk-jev/internal/decision/schema.go:168.4,168.18 1 3
dsk-jev/internal/decision/schema.go:169.9,171.86 2 18
dsk-jev/internal/decision/schema.go:171.86,173.5 1 1
dsk-jev/internal/decision/schema.go:174.4,176.29 3 17
dsk-jev/internal/decision/schema.go:176.29,177.37 1 38
dsk-jev/internal/decision/schema.go:177.37,179.6 1 2
dsk-jev/internal/decision/schema.go:180.5,181.14 2 36
dsk-jev/internal/decision/schema.go:184.4,184.30 1 15
dsk-jev/internal/decision/schema.go:184.30,186.5 1 1
dsk-jev/internal/decision/schema.go:187.4,190.21 4 14
dsk-jev/internal/decision/schema.go:190.21,192.5 1 34
dsk-jev/internal/decision/schema.go:193.4,193.21 1 14
dsk-jev/internal/decision/schema.go:193.21,196.23 3 34
dsk-jev/internal/decision/schema.go:196.23,198.6 1 12
dsk-jev/internal/decision/schema.go:200.4,202.26 3 14
dsk-jev/internal/decision/schema.go:202.26,204.5 1 7
dsk-jev/internal/decision/schema.go:204.10,207.5 2 7
dsk-jev/internal/decision/schema.go:209.3,209.16 1 17
dsk-jev/internal/decision/schema.go:211.2,211.17 1 4
dsk-jev/internal/decision/schema.go:216.83,220.103 2 7
dsk-jev/internal/decision/schema.go:220.103,222.3 1 1
dsk-jev/internal/decision/schema.go:223.2,224.23 2 6
dsk-jev/internal/decision/schema.go:224.23,226.10 2 12
dsk-jev/internal/decision/schema.go:226.10,228.4 1 1
dsk-jev/internal/decision/schema.go:229.3,229.23 1 11
dsk-jev/internal/decision/schema.go:229.23,231.12 2 2
dsk-jev/internal/decision/schema.go:233.3,234.72 2 9
dsk-jev/internal/decision/schema.go:234.72,236.4 1 2
dsk-jev/internal/decision/schema.go:237.3,238.34 2 7
dsk-jev/internal/decision/schema.go:238.34,240.11 2 17
dsk-jev/internal/decision/schema.go:240.11,242.5 1 1
dsk-jev/internal/decision/schema.go:243.4,243.18 1 16
dsk-jev/internal/decision/schema.go:245.3,245.39 1 6
dsk-jev/internal/decision/schema.go:247.2,248.50 2 2
dsk-jev/internal/decision/schema.go:251.57,252.73 1 8
dsk-jev/internal/decision/schema.go:252.73,254.3 1 32
dsk-jev/internal/decision/schema.go:255.2,257.23 3 8
dsk-jev/internal/decision/schema.go:257.23,260.23 3 24
dsk-jev/internal/decision/schema.go:260.23,263.4 2 8
dsk-jev/internal/decision/schema.go:263.9,268.35 5 16
dsk-jev/internal/decision/schema.go:268.35,270.5 1 40
dsk-jev/internal/decision/schema.go:271.4,272.104 2 16
dsk-jev/internal/decision/schema.go:274.3,275.29 2 24
dsk-jev/internal/decision/schema.go:277.2,277.84 1 8
dsk-jev/internal/decision/server.go:24.28,25.20 1 14
dsk-jev/internal/decision/server.go:25.20,27.3 1 13
dsk-jev/internal/decision/server.go:28.2,28.53 1 14
dsk-jev/internal/decision/server.go:30.54,34.2 3 21
dsk-jev/internal/decision/server.go:35.62,37.2 1 17
dsk-jev/internal/decision/server.go:38.68,39.51 1 20
dsk-jev/internal/decision/server.go:39.51,42.3 2 1
dsk-jev/internal/decision/server.go:43.2,44.166 2 19
dsk-jev/internal/decision/server.go:44.166,47.3 2 1
dsk-jev/internal/decision/server.go:48.2,48.20 1 18
dsk-jev/internal/decision/server.go:49.20,50.24 1 2
dsk-jev/internal/decision/server.go:50.24,54.4 3 1
dsk-jev/internal/decision/server.go:55.3,56.76 2 1
dsk-jev/internal/decision/server.go:56.76,58.4 1 3
dsk-jev/internal/decision/server.go:59.3,59.50 1 1
dsk-jev/internal/decision/server.go:60.23,61.25 1 15
dsk-jev/internal/decision/server.go:61.25,65.4 3 1
dsk-jev/internal/decision/server.go:66.3,66.19 1 14
dsk-jev/internal/decision/server.go:67.10,68.28 1 1
dsk-jev/internal/decision/server.go:77.67,81.41 4 14
dsk-jev/internal/decision/server.go:81.41,84.3 2 1
dsk-jev/internal/decision/server.go:85.2,85.48 1 13
dsk-jev/internal/decision/server.go:85.48,88.3 2 1
dsk-jev/internal/decision/server.go:89.2,89.90 1 12
dsk-jev/internal/decision/server.go:89.90,92.3 2 3
dsk-jev/internal/decision/server.go:93.2,94.16 2 9
dsk-jev/internal/decision/server.go:94.16,97.3 2 2
dsk-jev/internal/decision/server.go:100.2,102.23 3 7
dsk-jev/internal/decision/server.go:102.23,104.34 2 21
dsk-jev/internal/decision/server.go:104.34,106.4 1 35
dsk-jev/internal/decision/server.go:108.2,108.23 1 7
dsk-jev/internal/decision/server.go:108.23,111.3 2 0
dsk-jev/internal/decision/server.go:112.2,114.16 3 7
dsk-jev/internal/decision/server.go:114.16,117.3 2 0
dsk-jev/internal/decision/server.go:118.2,121.16 4 7
dsk-jev/internal/decision/server.go:121.16,124.40 3 1
dsk-jev/internal/decision/server.go:124.40,126.4 1 1
dsk-jev/internal/decision/server.go:127.3,128.9 2 1
dsk-jev/internal/decision/server.go:130.2,131.28 2 6
dsk-jev/internal/decision/server.go:131.28,134.29 3 3
dsk-jev/internal/decision/server.go:134.29,136.4 1 1
dsk-jev/internal/decision/server.go:137.3,137.55 1 3
dsk-jev/internal/decision/server.go:137.55,139.4 1 1
dsk-jev/internal/decision/server.go:140.3,140.51 1 3
dsk-jev/internal/decision/server.go:140.51,142.4 1 3
dsk-jev/internal/decision/server.go:143.3,144.9 2 3
dsk-jev/internal/decision/server.go:146.2,147.37 2 3
dsk-jev/internal/decision/server.go:147.37,150.3 2 0
dsk-jev/internal/decision/server.go:151.2,174.42 2 3
dsk-jev/internal/decision/server.go:174.42,177.3 2 0
dsk-jev/internal/decision/server.go:178.2,179.42 2 3
dsk-jev/internal/decision/server.go:179.42,181.3 1 0
dsk-jev/internal/decision/server.go:183.2,184.15 2 3
dsk-jev/internal/decision/server.go:184.15,186.3 1 3
dsk-jev/internal/decision/server.go:187.2,187.80 1 3
dsk-jev/internal/decision/server.go:187.80,191.3 3 2
dsk-jev/internal/decision/server.go:192.2,193.100 2 1
dsk-jev/internal/decision/server.go:193.100,197.3 3 0
dsk-jev/internal/decision/server.go:198.2,199.16 2 1
dsk-jev/internal/decision/server.go:199.16,203.3 3 0
dsk-jev/internal/decision/server.go:205.2,207.21 3 1
