mode: atomic
dsk-jev/cmd/server/main.go:17.39,18.34 1 0
dsk-jev/cmd/server/main.go:18.34,20.3 1 0
dsk-jev/cmd/server/main.go:21.2,21.17 1 0
dsk-jev/cmd/server/main.go:23.13,25.43 2 0
dsk-jev/cmd/server/main.go:25.43,28.3 2 0
dsk-jev/cmd/server/main.go:29.2,30.134 2 0
dsk-jev/cmd/server/main.go:30.134,33.3 2 0
dsk-jev/cmd/server/main.go:34.2,35.32 2 0
dsk-jev/cmd/server/main.go:35.32,38.3 2 0
dsk-jev/cmd/server/main.go:39.2,40.55 2 0
dsk-jev/cmd/server/main.go:40.55,43.3 2 0
dsk-jev/cmd/server/main.go:44.2,45.45 2 0
dsk-jev/cmd/server/main.go:45.45,48.3 2 0
dsk-jev/cmd/server/main.go:49.2,53.12 5 0
dsk-jev/cmd/server/main.go:53.12,58.3 4 0
dsk-jev/cmd/server/main.go:59.2,60.86 2 0
dsk-jev/cmd/server/main.go:60.86,63.3 2 0
dsk-jev/internal/decision/schema.go:41.57,43.34 2 531
dsk-jev/internal/decision/schema.go:43.34,45.3 1 0
dsk-jev/internal/decision/schema.go:46.2,46.18 1 531
dsk-jev/internal/decision/schema.go:47.37,48.14 1 245
dsk-jev/internal/decision/schema.go:49.11,50.18 1 285
dsk-jev/internal/decision/schema.go:52.2,52.14 1 1
dsk-jev/internal/decision/schema.go:54.53,55.34 1 40
dsk-jev/internal/decision/schema.go:55.34,57.3 1 0
dsk-jev/internal/decision/schema.go:58.2,58.27 1 40
dsk-jev/internal/decision/schema.go:58.27,60.3 1 0
dsk-jev/internal/decision/schema.go:61.2,62.30 2 40
dsk-jev/internal/decision/schema.go:62.30,64.3 1 94
dsk-jev/internal/decision/schema.go:65.2,67.25 3 40
dsk-jev/internal/decision/schema.go:67.25,69.46 2 90
dsk-jev/internal/decision/schema.go:69.46,71.4 1 7
dsk-jev/internal/decision/schema.go:72.3,72.42 1 90
dsk-jev/internal/decision/schema.go:72.42,74.4 1 1
dsk-jev/internal/decision/schema.go:75.3,76.17 2 89
dsk-jev/internal/decision/schema.go:77.17,79.75 2 33
dsk-jev/internal/decision/schema.go:79.75,81.5 1 3
dsk-jev/internal/decision/schema.go:82.4,82.24 1 30
dsk-jev/internal/decision/schema.go:82.24,83.30 1 312
dsk-jev/internal/decision/schema.go:83.30,85.6 1 0
dsk-jev/internal/decision/schema.go:86.5,86.35 1 312
dsk-jev/internal/decision/schema.go:88.4,89.24 2 30
dsk-jev/internal/decision/schema.go:89.24,91.5 1 312
dsk-jev/internal/decision/schema.go:92.4,92.18 1 30
dsk-jev/internal/decision/schema.go:93.16,95.89 2 31
dsk-jev/internal/decision/schema.go:95.89,97.5 1 3
dsk-jev/internal/decision/schema.go:98.4,99.29 2 28
dsk-jev/internal/decision/schema.go:99.29,100.31 1 89
dsk-jev/internal/decision/schema.go:100.31,102.6 1 0
dsk-jev/internal/decision/schema.go:103.5,106.37 4 89
dsk-jev/internal/decision/schema.go:106.37,109.6 2 26
dsk-jev/internal/decision/schema.go:110.5,110.20 1 89
dsk-jev/internal/decision/schema.go:112.4,112.25 1 28
dsk-jev/internal/decision/schema.go:113.15,114.59 1 25
dsk-jev/internal/decision/schema.go:114.59,116.46 2 0
dsk-jev/internal/decision/schema.go:116.46,118.6 1 0
dsk-jev/internal/decision/schema.go:119.5,119.25 1 0
dsk-jev/internal/decision/schema.go:119.25,120.65 1 0
dsk-jev/internal/decision/schema.go:120.65,122.7 1 0
dsk-jev/internal/decision/schema.go:124.5,124.25 1 0
dsk-jev/internal/decision/schema.go:124.25,126.6 1 0
dsk-jev/internal/decision/schema.go:127.5,127.19 1 0
dsk-jev/internal/decision/schema.go:129.11,130.17 1 0
dsk-jev/internal/decision/schema.go:132.3,132.23 1 83
dsk-jev/internal/decision/schema.go:134.2,134.17 1 33
dsk-jev/internal/decision/schema.go:138.50,139.17 1 35
dsk-jev/internal/decision/schema.go:139.17,141.3 1 1
dsk-jev/internal/decision/schema.go:142.2,143.19 2 34
dsk-jev/internal/decision/schema.go:143.19,144.21 1 86
dsk-jev/internal/decision/schema.go:144.21,146.4 1 31
dsk-jev/internal/decision/schema.go:148.2,148.12 1 34
dsk-jev/internal/decision/schema.go:148.12,151.3 2 15
dsk-jev/internal/decision/schema.go:152.2,154.22 3 19
dsk-jev/internal/decision/schema.go:154.22,157.3 2 56
dsk-jev/internal/decision/schema.go:158.2,158.40 1 19
dsk-jev/internal/decision/schema.go:160.90,164.81 2 38
dsk-jev/internal/decision/schema.go:164.81,166.3 1 0
dsk-jev/internal/decision/schema.go:167.2,168.23 2 38
dsk-jev/internal/decision/schema.go:168.23,170.23 2 49
dsk-jev/internal/decision/schema.go:170.23,172.81 2 15
dsk-jev/internal/decision/schema.go:172.81,174.5 1 4
dsk-jev/internal/decision/schema.go:175.4,175.18 1 11
dsk-jev/internal/decision/schema.go:176.9,178.86 2 34
dsk-jev/internal/decision/schema.go:178.86,180.5 1 1
dsk-jev/internal/decision/schema.go:181.4,183.29 3 33
dsk-jev/internal/decision/schema.go:183.29,184.37 1 78
dsk-jev/internal/decision/schema.go:184.37,186.6 1 2
dsk-jev/internal/decision/schema.go:187.5,188.14 2 76
dsk-jev/internal/decision/schema.go:191.4,191.30 1 31
dsk-jev/internal/decision/schema.go:191.30,193.5 1 1
dsk-jev/internal/decision/schema.go:194.4,197.21 4 30
dsk-jev/internal/decision/schema.go:197.21,199.5 1 74
dsk-jev/internal/decision/schema.go:200.4,200.21 1 30
dsk-jev/internal/decision/schema.go:200.21,203.23 3 74
dsk-jev/internal/decision/schema.go:203.23,205.6 1 28
dsk-jev/internal/decision/schema.go:207.4,209.26 3 30
dsk-jev/internal/decision/schema.go:209.26,211.5 1 15
dsk-jev/internal/decision/schema.go:211.10,214.5 2 15
dsk-jev/internal/decision/schema.go:216.3,216.16 1 41
dsk-jev/internal/decision/schema.go:218.2,218.17 1 30
dsk-jev/internal/decision/schema.go:223.83,227.103 2 34
dsk-jev/internal/decision/schema.go:227.103,229.3 1 1
dsk-jev/internal/decision/schema.go:230.2,231.23 2 33
dsk-jev/internal/decision/schema.go:231.23,233.10 2 37
dsk-jev/internal/decision/schema.go:233.10,235.4 1 1
dsk-jev/internal/decision/schema.go:236.3,236.23 1 36
dsk-jev/internal/decision/schema.go:236.23,238.12 2 11
dsk-jev/internal/decision/schema.go:240.3,241.72 2 25
dsk-jev/internal/decision/schema.go:241.72,243.4 1 2
dsk-jev/internal/decision/schema.go:244.3,245.34 2 23
dsk-jev/internal/decision/schema.go:245.34,247.11 2 57
dsk-jev/internal/decision/schema.go:247.11,249.5 1 1
dsk-jev/internal/decision/schema.go:250.4,250.18 1 56
dsk-jev/internal/decision/schema.go:252.3,252.39 1 22
dsk-jev/internal/decision/schema.go:254.2,255.50 2 29
dsk-jev/internal/decision/schema.go:258.57,259.73 1 37
dsk-jev/internal/decision/schema.go:259.73,261.3 1 144
dsk-jev/internal/decision/schema.go:262.2,264.23 3 37
dsk-jev/internal/decision/schema.go:264.23,267.23 3 105
dsk-jev/internal/decision/schema.go:267.23,270.4 2 35
dsk-jev/internal/decision/schema.go:270.9,275.35 5 70
dsk-jev/internal/decision/schema.go:275.35,277.5 1 174
dsk-jev/internal/decision/schema.go:278.4,279.104 2 70
dsk-jev/internal/decision/schema.go:281.3,282.29 2 105
dsk-jev/internal/decision/schema.go:284.2,284.84 1 37
dsk-jev/internal/decision/schema.go:289.57,293.31 4 427
dsk-jev/internal/decision/schema.go:293.31,295.3 1 0
dsk-jev/internal/decision/schema.go:296.2,297.16 2 427
dsk-jev/internal/decision/schema.go:297.16,299.3 1 0
dsk-jev/internal/decision/schema.go:300.2,300.10 1 427
dsk-jev/internal/decision/server.go:26.28,27.20 1 28
dsk-jev/internal/decision/server.go:27.20,29.3 1 27
dsk-jev/internal/decision/server.go:30.2,30.27 1 28
dsk-jev/internal/decision/server.go:30.27,32.3 1 14
dsk-jev/internal/decision/server.go:33.2,33.22 1 28
dsk-jev/internal/decision/server.go:33.22,35.3 1 0
dsk-jev/internal/decision/server.go:36.2,36.53 1 28
dsk-jev/internal/decision/server.go:38.54,42.2 3 51
dsk-jev/internal/decision/server.go:43.62,45.2 1 23
dsk-jev/internal/decision/server.go:46.68,47.51 1 34
dsk-jev/internal/decision/server.go:47.51,50.3 2 1
dsk-jev/internal/decision/server.go:51.2,52.166 2 33
dsk-jev/internal/decision/server.go:52.166,55.3 2 1
dsk-jev/internal/decision/server.go:56.2,56.20 1 32
dsk-jev/internal/decision/server.go:57.20,58.24 1 2
dsk-jev/internal/decision/server.go:58.24,62.4 3 1
dsk-jev/internal/decision/server.go:63.3,64.76 2 1
dsk-jev/internal/decision/server.go:64.76,66.4 1 3
dsk-jev/internal/decision/server.go:67.3,67.50 1 1
dsk-jev/internal/decision/server.go:68.23,69.25 1 29
dsk-jev/internal/decision/server.go:69.25,73.4 3 1
dsk-jev/internal/decision/server.go:74.3,74.19 1 28
dsk-jev/internal/decision/server.go:75.10,76.28 1 1
dsk-jev/internal/decision/server.go:85.67,88.41 3 28
dsk-jev/internal/decision/server.go:88.41,91.3 2 1
dsk-jev/internal/decision/server.go:92.2,92.48 1 27
dsk-jev/internal/decision/server.go:92.48,95.3 2 1
dsk-jev/internal/decision/server.go:96.2,96.90 1 26
dsk-jev/internal/decision/server.go:96.90,99.3 2 3
dsk-jev/internal/decision/server.go:100.2,101.16 2 23
dsk-jev/internal/decision/server.go:101.16,104.3 2 2
dsk-jev/internal/decision/server.go:106.2,106.30 1 21
dsk-jev/internal/decision/server.go:106.30,109.3 2 0
dsk-jev/internal/decision/server.go:110.2,118.62 9 21
dsk-jev/internal/decision/server.go:118.62,119.18 1 35
dsk-jev/internal/decision/server.go:119.18,120.92 1 14
dsk-jev/internal/decision/server.go:120.92,123.10 3 1
dsk-jev/internal/decision/server.go:126.3,126.23 1 34
dsk-jev/internal/decision/server.go:126.23,129.9 3 0
dsk-jev/internal/decision/server.go:131.3,133.20 3 34
dsk-jev/internal/decision/server.go:133.20,135.4 1 21
dsk-jev/internal/decision/server.go:136.3,139.35 4 34
dsk-jev/internal/decision/server.go:139.35,141.4 1 27
dsk-jev/internal/decision/server.go:142.3,142.26 1 34
dsk-jev/internal/decision/server.go:142.26,144.4 1 17
dsk-jev/internal/decision/server.go:145.3,145.24 1 34
dsk-jev/internal/decision/server.go:145.24,146.9 1 9
dsk-jev/internal/decision/server.go:148.3,148.22 1 25
dsk-jev/internal/decision/server.go:148.22,149.9 1 5
dsk-jev/internal/decision/server.go:152.2,158.23 7 21
dsk-jev/internal/decision/server.go:158.23,159.28 1 12
dsk-jev/internal/decision/server.go:159.28,161.4 1 6
dsk-jev/internal/decision/server.go:162.3,163.18 2 12
dsk-jev/internal/decision/server.go:163.18,165.4 1 0
dsk-jev/internal/decision/server.go:166.3,167.9 2 12
dsk-jev/internal/decision/server.go:169.2,169.78 1 9
dsk-jev/internal/decision/upstream.go:35.46,37.23 2 55
dsk-jev/internal/decision/upstream.go:37.23,39.34 2 163
dsk-jev/internal/decision/upstream.go:39.34,41.4 1 270
dsk-jev/internal/decision/upstream.go:43.2,43.10 1 55
dsk-jev/internal/decision/upstream.go:45.128,50.15 5 34
dsk-jev/internal/decision/upstream.go:50.15,52.3 1 34
dsk-jev/internal/decision/upstream.go:53.2,54.28 2 34
dsk-jev/internal/decision/upstream.go:54.28,56.3 1 0
dsk-jev/internal/decision/upstream.go:57.2,70.16 7 34
dsk-jev/internal/decision/upstream.go:70.16,75.3 4 0
dsk-jev/internal/decision/upstream.go:76.2,79.16 4 34
dsk-jev/internal/decision/upstream.go:79.16,82.40 3 1
dsk-jev/internal/decision/upstream.go:82.40,84.4 1 1
dsk-jev/internal/decision/upstream.go:85.3,85.9 1 1
dsk-jev/internal/decision/upstream.go:87.2,89.28 3 33
dsk-jev/internal/decision/upstream.go:89.28,94.29 4 14
dsk-jev/internal/decision/upstream.go:94.29,96.4 1 3
dsk-jev/internal/decision/upstream.go:97.3,97.55 1 14
dsk-jev/internal/decision/upstream.go:97.55,99.4 1 3
dsk-jev/internal/decision/upstream.go:100.3,100.9 1 14
dsk-jev/internal/decision/upstream.go:102.2,103.37 2 19
dsk-jev/internal/decision/upstream.go:103.37,106.3 2 0
dsk-jev/internal/decision/upstream.go:107.2,129.44 2 19
dsk-jev/internal/decision/upstream.go:129.44,132.3 2 0
dsk-jev/internal/decision/upstream.go:133.2,133.27 1 19
dsk-jev/internal/decision/upstream.go:133.27,137.3 3 17
dsk-jev/internal/decision/upstream.go:138.2,138.84 1 19
dsk-jev/internal/decision/upstream.go:138.84,141.3 2 2
dsk-jev/internal/decision/upstream.go:142.2,143.100 2 17
dsk-jev/internal/decision/upstream.go:143.100,146.3 2 0
dsk-jev/internal/decision/upstream.go:147.2,148.16 2 17
dsk-jev/internal/decision/upstream.go:148.16,151.3 2 8
dsk-jev/internal/decision/upstream.go:152.2,155.8 4 9
dsk-jev/internal/decision/upstream.go:160.103,164.82 2 17
dsk-jev/internal/decision/upstream.go:164.82,166.3 1 0
dsk-jev/internal/decision/upstream.go:167.2,168.23 2 17
dsk-jev/internal/decision/upstream.go:168.23,170.3 1 49
dsk-jev/internal/decision/upstream.go:171.2,171.34 1 17
dsk-jev/internal/decision/upstream.go:171.34,172.18 1 28
dsk-jev/internal/decision/upstream.go:172.18,174.4 1 0
dsk-jev/internal/decision/upstream.go:176.2,179.23 4 17
dsk-jev/internal/decision/upstream.go:179.23,181.14 2 49
dsk-jev/internal/decision/upstream.go:181.14,184.12 3 21
dsk-jev/internal/decision/upstream.go:186.3,188.17 3 28
dsk-jev/internal/decision/upstream.go:188.17,191.12 3 1
dsk-jev/internal/decision/upstream.go:193.3,193.24 1 27
dsk-jev/internal/decision/upstream.go:195.2,195.22 1 17
dsk-jev/internal/decision/upstream.go:195.22,197.3 1 8
dsk-jev/internal/decision/upstream.go:198.2,198.28 1 9
dsk-jev/internal/decision/upstream.go:200.94,203.82 3 17
dsk-jev/internal/decision/upstream.go:203.82,205.3 1 3
dsk-jev/internal/decision/upstream.go:205.8,205.58 1 14
dsk-jev/internal/decision/upstream.go:205.58,207.3 1 1
dsk-jev/internal/decision/upstream.go:208.2,208.14 1 17
dsk-jev/internal/decision/upstream.go:210.91,213.9 3 15
dsk-jev/internal/decision/upstream.go:214.20,215.19 1 2
dsk-jev/internal/decision/upstream.go:216.17,217.13 1 13
